// Jest Snapshot v1, https://goo.gl/fbAQLP

exports[`Test matches snapshot 1`] = `
"<section class=\\"Section Test\\">
  <h2 class=\\"Title\\">Тест</h2>
  <p class=\\"Section-Desc\\">При выполнении заданий с&nbsp;кратким ответом впишите в&nbsp;поле для ответа цифру, которая соответствует номеру правильного ответа, или число, слово, последовательность букв (слов) или цифр. Ответ следует записывать без пробелов и&nbsp;каких-либо дополнительных символов. Дробную часть отделяйте от&nbsp;целой десятичной запятой. Единицы измерений писать не&nbsp;нужно.</p>
</section>"
`;
