// Jest Snapshot v1, https://goo.gl/fbAQLP

exports[`ProfileLink matches snapshot 1`] = `"<div class=\\"ProfileLink\\"><a class=\\"Link Link_static ProfileWidget-Link\\" href=\\"/profile\\" rel=\\"noopener noreferrer\\">Профиль</a></div><a href=\\"/\\"><img class=\\"ProfileLink-Icon\\" src=\\"signOutIcon.png\\" alt=\\"Выйти\\"></a>"`;
